--------------------------------------------------------------------------------------
Timing Analyzer Summary
--------------------------------------------------------------------------------------

Type           : Worst-case tsu
Slack          : N/A
Required Time  : None
Actual Time    : 5.460 ns
From           : address[4]
To             : altsyncram:altsyncram_component|altsyncram_2ed1:auto_generated|ram_block1a3~porta_address_reg4
From Clock     : --
To Clock       : clock
Failed Paths   : 0

Type           : Worst-case tco
Slack          : N/A
Required Time  : None
Actual Time    : 11.195 ns
From           : altsyncram:altsyncram_component|altsyncram_2ed1:auto_generated|ram_block1a0~porta_address_reg11
To             : q[0]
From Clock     : clock
To Clock       : --
Failed Paths   : 0

Type           : Worst-case th
Slack          : N/A
Required Time  : None
Actual Time    : 0.496 ns
From           : wren
To             : altsyncram:altsyncram_component|altsyncram_2ed1:auto_generated|ram_block1a5~porta_we_reg
From Clock     : --
To Clock       : clock
Failed Paths   : 0

Type           : Clock Setup: 'clock'
Slack          : N/A
Required Time  : None
Actual Time    : Restricted to 200.00 MHz ( period = 5.000 ns )
From           : altsyncram:altsyncram_component|altsyncram_2ed1:auto_generated|ram_block1a7~porta_datain_reg0
To             : altsyncram:altsyncram_component|altsyncram_2ed1:auto_generated|ram_block1a7~porta_memory_reg0
From Clock     : clock
To Clock       : clock
Failed Paths   : 0

Type           : Total number of failed paths
Slack          : 
Required Time  : 
Actual Time    : 
From           : 
To             : 
From Clock     : 
To Clock       : 
Failed Paths   : 0

--------------------------------------------------------------------------------------

